// Jest Snapshot v1, https://goo.gl/fbAQLP

exports[`EcBlogItem should render blog item author 1`] = `
<div
  class="ec-blog-item"
>
  <div
    class="ec-blog-item__featuredImageColumn"
  >
    <img
      class="ec-blog-item__featuredImage"
      src="featuredImage"
    />
  </div>
   
  <div
    class="ec-blog-item__infoColumnm"
  >
    <p
      class="ec-blog-item__title"
    >
      
      title
    
    </p>
     
    <p>
      
      author
    
    </p>
     
    <p>
      
      category
    
    </p>
  </div>
</div>
`;

exports[`EcBlogItem should render blog item category 1`] = `
<div
  class="ec-blog-item"
>
  <div
    class="ec-blog-item__featuredImageColumn"
  >
    <img
      class="ec-blog-item__featuredImage"
      src="featuredImage"
    />
  </div>
   
  <div
    class="ec-blog-item__infoColumnm"
  >
    <p
      class="ec-blog-item__title"
    >
      
      title
    
    </p>
     
    <p>
      
      author
    
    </p>
     
    <p>
      
      category
    
    </p>
  </div>
</div>
`;

exports[`EcBlogItem should render blog item featuredImage 1`] = `
<div
  class="ec-blog-item"
>
  <div
    class="ec-blog-item__featuredImageColumn"
  >
    <img
      class="ec-blog-item__featuredImage"
      src="featuredImage"
    />
  </div>
   
  <div
    class="ec-blog-item__infoColumnm"
  >
    <p
      class="ec-blog-item__title"
    >
      
      title
    
    </p>
     
    <p>
      
      author
    
    </p>
     
    <p>
      
      category
    
    </p>
  </div>
</div>
`;

exports[`EcBlogItem should render blog item title 1`] = `
<div
  class="ec-blog-item"
>
  <div
    class="ec-blog-item__featuredImageColumn"
  >
    <img
      class="ec-blog-item__featuredImage"
      src="featuredImage"
    />
  </div>
   
  <div
    class="ec-blog-item__infoColumnm"
  >
    <p
      class="ec-blog-item__title"
    >
      
      title
    
    </p>
     
    <p>
      
      author
    
    </p>
     
    <p>
      
      category
    
    </p>
  </div>
</div>
`;
