// Jest Snapshot v1, https://goo.gl/fbAQLP

exports[`EcSubmenu should not render when passing an empty array to submenu 1`] = `<!---->`;

exports[`EcSubmenu should not render when passing null to submenu 1`] = `<!---->`;

exports[`EcSubmenu should render the second panel if the second tab is clicked 1`] = `
<div
  class="ec-submenu"
>
  <div
    class="ec-submenu__header-container"
  >
    <ul
      class="ec-submenu__header"
    >
      <li
        class="ec-submenu__header-item"
        data-test="ec-submenu__header-item-0"
      >
        <a
          class="ec-submenu__header-title"
        >
          Submitted Requests (30)
        </a>
         
        <!---->
      </li>
      <li
        class="ec-submenu__header-item ec-submenu__header-item--is-active"
        data-test="ec-submenu__header-item-1"
      >
        <!---->
         
        <router-link-stub
          class="ec-submenu__header-title"
          to="/submitted"
        >
          Repayments (30)
        </router-link-stub>
      </li>
      <li
        class="ec-submenu__header-item"
        data-test="ec-submenu__header-item-2"
      >
        <!---->
         
        <router-link-stub
          class="ec-submenu__header-title"
          to="/submitted"
        >
          Another Request (30)
        </router-link-stub>
      </li>
    </ul>
  </div>
   
  <main
    class="ec-submenu__main"
  >
    <span
      name="ec-submenu__fade"
      tag="div"
    >
      <div
        data-test="ec-submenu__panel-0"
        style="display: none;"
      />
      <div
        data-test="ec-submenu__panel-1"
        style=""
      />
      <div
        data-test="ec-submenu__panel-2"
        style="display: none;"
      />
    </span>
  </main>
</div>
`;
